<testsuites id="" name="" tests="12" failures="0" skipped="0" errors="0" time="39.118157999999994">
<testsuite name="setup\vendor.auth.ts" timestamp="2025-09-26T06:21:08.875Z" hostname="authSetup - Vendor" tests="1" failures="0" skipped="0" time="10.459" errors="0">
<testcase name="Auth setup for Vendor" classname="setup\vendor.auth.ts" time="10.459">
</testcase>
</testsuite>
<testsuite name="setup\admin.auth.ts" timestamp="2025-09-26T06:21:08.875Z" hostname="authSetup - Admin" tests="1" failures="0" skipped="0" time="12.575" errors="0">
<testcase name="Auth setup for Admin" classname="setup\admin.auth.ts" time="12.575">
</testcase>
</testsuite>
<testsuite name="setup\user.auth.ts" timestamp="2025-09-26T06:21:08.875Z" hostname="authSetup - User" tests="1" failures="0" skipped="0" time="8.891" errors="0">
<testcase name="Auth setup for User" classname="setup\user.auth.ts" time="8.891">
</testcase>
</testsuite>
<testsuite name="exampleenv.spec.ts" timestamp="2025-09-26T06:21:08.875Z" hostname="UI tests" tests="9" failures="0" skipped="0" time="93.846" errors="0">
<testcase name="User flow › multiple env test" classname="exampleenv.spec.ts" time="10.032">
</testcase>
<testcase name="User flow › second test" classname="exampleenv.spec.ts" time="13.929">
</testcase>
<testcase name="User flow › third test" classname="exampleenv.spec.ts" time="12.472">
</testcase>
<testcase name="Admin flow › multiple env test" classname="exampleenv.spec.ts" time="10.905">
</testcase>
<testcase name="Admin flow › second test" classname="exampleenv.spec.ts" time="12.448">
</testcase>
<testcase name="Admin flow › third test" classname="exampleenv.spec.ts" time="15.46">
</testcase>
<testcase name="Vendor flow › multiple env test" classname="exampleenv.spec.ts" time="5.329">
</testcase>
<testcase name="Vendor flow › second test" classname="exampleenv.spec.ts" time="7.096">
</testcase>
<testcase name="Vendor flow › third test" classname="exampleenv.spec.ts" time="6.175">
</testcase>
</testsuite>
</testsuites>